Avg: 539.00     Std Dev: 176.44
                John Doe 480  -0.334  36.9%
           Edgar J Smith 790   1.423  92.3%
             Janet Jones 600   0.346  63.5%
        A J Thompson Jr. 610   0.402  65.6%
          Margaret Black 582   0.244  59.6%
            Harold White 501  -0.215  41.5%
                 Suzie Q 210  -1.865   3.1%
